#
# There is insufficient memory for the Java Runtime Environment to continue.
# Native memory allocation (malloc) failed to allocate 32744 bytes. Error detail: Chunk::new
# Possible reasons:
#   The system is out of physical RAM or swap space
#   This process is running with CompressedOops enabled, and the Java Heap may be blocking the growth of the native heap
# Possible solutions:
#   Reduce memory load on the system
#   Increase physical memory or swap space
#   Check if swap backing store is full
#   Decrease Java heap size (-Xmx/-Xms)
#   Decrease number of Java threads
#   Decrease Java thread stack sizes (-Xss)
#   Set larger code cache with -XX:ReservedCodeCacheSize=
#   JVM is running with Zero Based Compressed Oops mode in which the Java heap is
#     placed in the first 32GB address space. The Java Heap base address is the
#     maximum limit for the native heap growth. Please use -XX:HeapBaseMinAddress
#     to set the Java Heap base and to place the Java Heap above 32GB virtual address.
# This output file may be truncated or incomplete.
#
#  Out of Memory Error (arena.cpp:162), pid=32016, tid=5216
#
# JRE version: Java(TM) SE Runtime Environment (24.0+36) (build 24+36-3646)
# Java VM: Java HotSpot(TM) 64-Bit Server VM (24+36-3646, mixed mode, emulated-client, sharing, tiered, compressed oops, compressed class ptrs, g1 gc, windows-amd64)
# No core dump will be written. Minidumps are not enabled by default on client versions of Windows
#

---------------  S U M M A R Y ------------

Command Line: -XX:TieredStopAtLevel=1 -Dspring.output.ansi.enabled=always -javaagent:C:\Program Files\JetBrains\IntelliJ IDEA 2026.1.1\lib\idea_rt.jar=61684 -Dfile.encoding=UTF-8 -Dsun.stdout.encoding=UTF-8 -Dsun.stderr.encoding=UTF-8 com.example.student_management.StudentManagementApplication

Host: Intel(R) Core(TM) i5-7200U CPU @ 2.50GHz, 4 cores, 15G,  Windows 10 , 64 bit Build 19041 (10.0.19041.5915)
Time: Mon Aug 31 23:24:48 2026 Eastern Daylight Time elapsed time: 179.150310 seconds (0d 0h 2m 59s)

---------------  T H R E A D  ---------------

Current thread (0x00000204fea21540):  JavaThread "C1 CompilerThread0" daemon [_thread_in_native, id=5216, stack(0x000000a2f7100000,0x000000a2f7200000) (1024K)]


Current CompileTask:
C1:179150 4955       1       sun.security.util.math.intpoly.MontgomeryIntegerPolynomialP256::multImpl (2378 bytes)

Stack: [0x000000a2f7100000,0x000000a2f7200000]
Native frames: (J=compiled Java code, j=interpreted, Vv=VM code, C=native code)
V  [jvm.dll+0x7308c9]  (no source info available)
V  [jvm.dll+0x8d9ca3]  (no source info available)
V  [jvm.dll+0x8dc13d]  (no source info available)
V  [jvm.dll+0x8dc7b3]  (no source info available)
V  [jvm.dll+0x2aa046]  (no source info available)
V  [jvm.dll+0xced8f]  (no source info available)
V  [jvm.dll+0xcefef]  (no source info available)
V  [jvm.dll+0x1b2d93]  (no source info available)
V  [jvm.dll+0x1b2e5d]  (no source info available)
V  [jvm.dll+0x1b541e]  (no source info available)
V  [jvm.dll+0x1b68a4]  (no source info available)
V  [jvm.dll+0x171d87]  (no source info available)
V  [jvm.dll+0x17154f]  (no source info available)
V  [jvm.dll+0x1717fb]  (no source info available)
V  [jvm.dll+0x170bcc]  (no source info available)
V  [jvm.dll+0x1729ed]  (no source info available)
V  [jvm.dll+0x27e1bb]  (no source info available)
V  [jvm.dll+0x27c45a]  (no source info available)
V  [jvm.dll+0x42f566]  (no source info available)
V  [jvm.dll+0x87d8fb]  (no source info available)
V  [jvm.dll+0x72efe5]  (no source info available)
C  [ucrtbase.dll+0x21bb2]  (no source info available)
C  [KERNEL32.DLL+0x17374]  (no source info available)
C  [ntdll.dll+0x4cc91]  (no source info available)

Lock stack of current Java thread (top to bottom):


---------------  P R O C E S S  ---------------

Threads class SMR info:
_java_thread_list=0x00000204cc05df00, length=14, elements={
0x00000204f1d9fce0, 0x00000204fea185f0, 0x00000204fea1a770, 0x00000204fea1b760,
0x00000204fea1f3b0, 0x00000204fea1fee0, 0x00000204fea20a10, 0x00000204fea21540,
0x00000204cb0e6a10, 0x00000204cb7a4070, 0x00000204cb7a47b0, 0x00000204cb0d61b0,
0x00000204cb0be820, 0x00000204cbaaf850
}

Java Threads: ( => current thread )
  0x00000204f1d9fce0 JavaThread "main"                              [_thread_blocked, id=25940, stack(0x000000a2f6300000,0x000000a2f6400000) (1024K)]
  0x00000204fea185f0 JavaThread "Reference Handler"          daemon [_thread_blocked, id=31696, stack(0x000000a2f6b00000,0x000000a2f6c00000) (1024K)]
  0x00000204fea1a770 JavaThread "Finalizer"                  daemon [_thread_blocked, id=10536, stack(0x000000a2f6c00000,0x000000a2f6d00000) (1024K)]
  0x00000204fea1b760 JavaThread "Signal Dispatcher"          daemon [_thread_blocked, id=20816, stack(0x000000a2f6d00000,0x000000a2f6e00000) (1024K)]
  0x00000204fea1f3b0 JavaThread "Attach Listener"            daemon [_thread_blocked, id=24568, stack(0x000000a2f6e00000,0x000000a2f6f00000) (1024K)]
  0x00000204fea1fee0 JavaThread "Service Thread"             daemon [_thread_blocked, id=5964, stack(0x000000a2f6f00000,0x000000a2f7000000) (1024K)]
  0x00000204fea20a10 JavaThread "Monitor Deflation Thread"   daemon [_thread_blocked, id=14512, stack(0x000000a2f7000000,0x000000a2f7100000) (1024K)]
=>0x00000204fea21540 JavaThread "C1 CompilerThread0"         daemon [_thread_in_native, id=5216, stack(0x000000a2f7100000,0x000000a2f7200000) (1024K)]
  0x00000204cb0e6a10 JavaThread "Common-Cleaner"             daemon [_thread_blocked, id=17476, stack(0x000000a2f7200000,0x000000a2f7300000) (1024K)]
  0x00000204cb7a4070 JavaThread "Monitor Ctrl-Break"         daemon [_thread_in_native, id=14428, stack(0x000000a2f7300000,0x000000a2f7400000) (1024K)]
  0x00000204cb7a47b0 JavaThread "Notification Thread"        daemon [_thread_blocked, id=28496, stack(0x000000a2f7400000,0x000000a2f7500000) (1024K)]
  0x00000204cb0d61b0 JavaThread "Thread-0"                          [_thread_blocked, id=17056, stack(0x000000a2f7800000,0x000000a2f7900000) (1024K)]
  0x00000204cb0be820 JavaThread "restartedMain"                     [_thread_in_Java, id=24148, stack(0x000000a2f7900000,0x000000a2f7a00000) (1024K)]
  0x00000204cbaaf850 JavaThread "mysql-cj-abandoned-connection-cleanup" daemon [_thread_blocked, id=5616, stack(0x000000a2f6100000,0x000000a2f6200000) (1024K)]
Total: 14

Other Threads:
  0x00000204fea06e50 VMThread "VM Thread"                           [id=17484, stack(0x000000a2f6a00000,0x000000a2f6b00000) (1024K)]
  0x00000204fe9f8320 WatcherThread "VM Periodic Task Thread"        [id=25928, stack(0x000000a2f6900000,0x000000a2f6a00000) (1024K)]
  0x00000204f1e0a190 WorkerThread "GC Thread#0"                     [id=16712, stack(0x000000a2f6400000,0x000000a2f6500000) (1024K)]
  0x00000204cb09e5c0 WorkerThread "GC Thread#1"                     [id=25032, stack(0x000000a2f7500000,0x000000a2f7600000) (1024K)]
  0x00000204cb09e970 WorkerThread "GC Thread#2"                     [id=2308, stack(0x000000a2f7600000,0x000000a2f7700000) (1024K)]
  0x00000204cb09ed20 WorkerThread "GC Thread#3"                     [id=23912, stack(0x000000a2f7700000,0x000000a2f7800000) (1024K)]
  0x00000204f1e1ef70 ConcurrentGCThread "G1 Main Marker"            [id=2288, stack(0x000000a2f6500000,0x000000a2f6600000) (1024K)]
  0x00000204f1e21670 WorkerThread "G1 Conc#0"                       [id=25016, stack(0x000000a2f6600000,0x000000a2f6700000) (1024K)]
  0x00000204fe8ca5d0 ConcurrentGCThread "G1 Refine#0"               [id=15320, stack(0x000000a2f6700000,0x000000a2f6800000) (1024K)]
  0x00000204fe8caf60 ConcurrentGCThread "G1 Service"                [id=4088, stack(0x000000a2f6800000,0x000000a2f6900000) (1024K)]
Total: 10

Threads with active compile tasks:
C1 CompilerThread0  179465 4955       1       sun.security.util.math.intpoly.MontgomeryIntegerPolynomialP256::multImpl (2378 bytes)
Total: 1

VM state: not at safepoint (normal execution)

VM Mutex/Monitor currently owned by a thread: None

Heap address: 0x0000000701e00000, size: 4066 MB, Compressed Oops mode: Zero based, Oop shift amount: 3

CDS archive(s) mapped at: [0x0000020486000000-0x0000020486d40000-0x0000020486d40000), size 13893632, SharedBaseAddress: 0x0000020486000000, ArchiveRelocationMode: 1.
Compressed class space mapped at: 0x0000020487000000-0x00000204c7000000, reserved size: 1073741824
UseCompressedClassPointers 1, UseCompactObjectHeaders 0
Narrow klass pointer bits 32, Max shift 3
Narrow klass base: 0x0000020486000000, Narrow klass shift: 0
Encoding Range: [0x0000020486000000 - 0x0000020586000000), (4294967296 bytes)
Klass Range:    [0x0000020486000000 - 0x00000204c7000000), (1090519040 bytes)
Klass ID Range:  [8 - 1090519033) (1090519025)

GC Precious Log:
 CardTable entry size: 512
 Card Set container configuration: InlinePtr #cards 4 size 8 Array Of Cards #cards 16 size 48 Howl #buckets 8 coarsen threshold 3686 Howl Bitmap #cards 512 size 80 coarsen threshold 460 Card regions per heap region 1 cards per card region 4096
 CPUs: 4 total, 4 available
 Memory: 16259M
 Large Page Support: Disabled
 NUMA Support: Disabled
 Compressed Oops: Enabled (Zero based)
 Heap Region Size: 2M
 Heap Min Capacity: 8M
 Heap Initial Capacity: 256M
 Heap Max Capacity: 4066M
 Pre-touch: Disabled
 Parallel Workers: 4
 Concurrent Workers: 1
 Concurrent Refinement Workers: 4
 Periodic GC: Disabled

Heap:
 garbage-first heap   total reserved 4163584K, committed 75776K, used 30733K [0x0000000701e00000, 0x0000000800000000)
  region size 2048K, 4 young (8192K), 3 survivors (6144K)
 Metaspace       used 46439K, committed 46848K, reserved 1114112K
  class space    used 5247K, committed 5440K, reserved 1048576K

Heap Regions: E=young(eden), S=young(survivor), O=old, HS=humongous(starts), HC=humongous(continues), CS=collection set, F=free, TAMS=top-at-mark-start, PB=parsable bottom
|   0|0x0000000701e00000, 0x0000000702000000, 0x0000000702000000|100%| O|  |TAMS 0x0000000701e00000| PB 0x0000000701e00000| Untracked |  0
|   1|0x0000000702000000, 0x0000000702200000, 0x0000000702200000|100%| O|  |TAMS 0x0000000702000000| PB 0x0000000702000000| Untracked |  0
|   2|0x0000000702200000, 0x0000000702400000, 0x0000000702400000|100%| O|  |TAMS 0x0000000702200000| PB 0x0000000702200000| Untracked |  0
|   3|0x0000000702400000, 0x0000000702600000, 0x0000000702600000|100%| O|  |TAMS 0x0000000702400000| PB 0x0000000702400000| Untracked |  0
|   4|0x0000000702600000, 0x00000007027c3ef8, 0x0000000702800000| 88%| O|Cm|TAMS 0x0000000702600000| PB 0x0000000702600000| Complete |  0
|   5|0x0000000702800000, 0x0000000702a00000, 0x0000000702a00000|100%| O|  |TAMS 0x0000000702800000| PB 0x0000000702800000| Untracked |  0
|   6|0x0000000702a00000, 0x0000000702c00000, 0x0000000702c00000|100%| O|  |TAMS 0x0000000702a00000| PB 0x0000000702a00000| Untracked |  0
|   7|0x0000000702c00000, 0x0000000702e00000, 0x0000000702e00000|100%| O|  |TAMS 0x0000000702c00000| PB 0x0000000702c00000| Untracked |  0
|   8|0x0000000702e00000, 0x0000000703000000, 0x0000000703000000|100%| O|  |TAMS 0x0000000702e00000| PB 0x0000000702e00000| Untracked |  0
|   9|0x0000000703000000, 0x0000000703200000, 0x0000000703200000|100%| O|  |TAMS 0x0000000703000000| PB 0x0000000703000000| Untracked |  0
|  10|0x0000000703200000, 0x0000000703400000, 0x0000000703400000|100%| O|  |TAMS 0x0000000703200000| PB 0x0000000703200000| Untracked |  0
|  11|0x0000000703400000, 0x0000000703600000, 0x0000000703600000|100%| O|  |TAMS 0x0000000703400000| PB 0x0000000703400000| Untracked |  0
|  12|0x0000000703600000, 0x0000000703769128, 0x0000000703800000| 70%| O|  |TAMS 0x0000000703600000| PB 0x0000000703600000| Untracked |  0
|  13|0x0000000703800000, 0x0000000703800000, 0x0000000703a00000|  0%| F|  |TAMS 0x0000000703800000| PB 0x0000000703800000| Untracked |  0
|  14|0x0000000703a00000, 0x0000000703a00000, 0x0000000703c00000|  0%| F|  |TAMS 0x0000000703a00000| PB 0x0000000703a00000| Untracked |  0
|  15|0x0000000703c00000, 0x0000000703c00000, 0x0000000703e00000|  0%| F|  |TAMS 0x0000000703c00000| PB 0x0000000703c00000| Untracked |  0
|  16|0x0000000703e00000, 0x0000000703ed6538, 0x0000000704000000| 41%| S|CS|TAMS 0x0000000703e00000| PB 0x0000000703e00000| Complete |  0
|  17|0x0000000704000000, 0x0000000704200000, 0x0000000704200000|100%| S|CS|TAMS 0x0000000704000000| PB 0x0000000704000000| Complete |  0
|  18|0x0000000704200000, 0x0000000704400000, 0x0000000704400000|100%| S|CS|TAMS 0x0000000704200000| PB 0x0000000704200000| Complete |  0
|  19|0x0000000704400000, 0x0000000704400000, 0x0000000704600000|  0%| F|  |TAMS 0x0000000704400000| PB 0x0000000704400000| Untracked |  0
|  20|0x0000000704600000, 0x0000000704600000, 0x0000000704800000|  0%| F|  |TAMS 0x0000000704600000| PB 0x0000000704600000| Untracked |  0
|  21|0x0000000704800000, 0x0000000704800000, 0x0000000704a00000|  0%| F|  |TAMS 0x0000000704800000| PB 0x0000000704800000| Untracked |  0
|  22|0x0000000704a00000, 0x0000000704a00000, 0x0000000704c00000|  0%| F|  |TAMS 0x0000000704a00000| PB 0x0000000704a00000| Untracked |  0
|  23|0x0000000704c00000, 0x0000000704c00000, 0x0000000704e00000|  0%| F|  |TAMS 0x0000000704c00000| PB 0x0000000704c00000| Untracked |  0
|  24|0x0000000704e00000, 0x0000000704e00000, 0x0000000705000000|  0%| F|  |TAMS 0x0000000704e00000| PB 0x0000000704e00000| Untracked |  0
|  25|0x0000000705000000, 0x0000000705000000, 0x0000000705200000|  0%| F|  |TAMS 0x0000000705000000| PB 0x0000000705000000| Untracked |  0
|  26|0x0000000705200000, 0x0000000705200000, 0x0000000705400000|  0%| F|  |TAMS 0x0000000705200000| PB 0x0000000705200000| Untracked |  0
|  27|0x0000000705400000, 0x0000000705400000, 0x0000000705600000|  0%| F|  |TAMS 0x0000000705400000| PB 0x0000000705400000| Untracked |  0
|  28|0x0000000705600000, 0x0000000705600000, 0x0000000705800000|  0%| F|  |TAMS 0x0000000705600000| PB 0x0000000705600000| Untracked |  0
|  29|0x0000000705800000, 0x0000000705800000, 0x0000000705a00000|  0%| F|  |TAMS 0x0000000705800000| PB 0x0000000705800000| Untracked |  0
|  93|0x000000070d800000, 0x000000070d800000, 0x000000070da00000|  0%| F|  |TAMS 0x000000070d800000| PB 0x000000070d800000| Untracked |  0
|  94|0x000000070da00000, 0x000000070da00000, 0x000000070dc00000|  0%| F|  |TAMS 0x000000070da00000| PB 0x000000070da00000| Untracked |  0
|  95|0x000000070dc00000, 0x000000070dc00000, 0x000000070de00000|  0%| F|  |TAMS 0x000000070dc00000| PB 0x000000070dc00000| Untracked |  0
|  96|0x000000070de00000, 0x000000070de00000, 0x000000070e000000|  0%| F|  |TAMS 0x000000070de00000| PB 0x000000070de00000| Untracked |  0
|  97|0x000000070e000000, 0x000000070e000000, 0x000000070e200000|  0%| F|  |TAMS 0x000000070e000000| PB 0x000000070e000000| Untracked |  0
| 127|0x0000000711c00000, 0x0000000711c00000, 0x0000000711e00000|  0%| F|  |TAMS 0x0000000711c00000| PB 0x0000000711c00000| Untracked |  0
|2032|0x00000007ffe00000, 0x00000007fff1eaa0, 0x0000000800000000| 55%| E|  |TAMS 0x00000007ffe00000| PB 0x00000007ffe00000| Complete |  0

Card table byte_map: [0x00000204fde30000,0x00000204fe630000] _byte_map_base: 0x00000204fa621000

Marking Bits: (CMBitMap*) 0x00000204f1e0a8a0
 Bits: [0x0000020480000000, 0x0000020483f88000)

Polling page: 0x00000204efa10000

Metaspace:

Usage:
  Non-class:     40.23 MB used.
      Class:      5.12 MB used.
       Both:     45.35 MB used.

Virtual space:
  Non-class space:       64.00 MB reserved,      40.44 MB ( 63%) committed,  1 nodes.
      Class space:        1.00 GB reserved,       5.31 MB ( <1%) committed,  1 nodes.
             Both:        1.06 GB reserved,      45.75 MB (  4%) committed. 

Chunk freelists:
   Non-Class:  7.00 MB
       Class:  10.50 MB
        Both:  17.50 MB

MaxMetaspaceSize: unlimited
CompressedClassSpaceSize: 1.00 GB
Initial GC threshold: 21.00 MB
Current GC threshold: 58.75 MB
CDS: on
 - commit_granule_bytes: 65536.
 - commit_granule_words: 8192.
 - virtual_space_node_default_size: 8388608.
 - enlarge_chunks_in_place: 1.
UseCompressedClassPointers 1, UseCompactObjectHeaders 0
Narrow klass pointer bits 32, Max shift 3
Narrow klass base: 0x0000020486000000, Narrow klass shift: 0
Encoding Range: [0x0000020486000000 - 0x0000020586000000), (4294967296 bytes)
Klass Range:    [0x0000020486000000 - 0x00000204c7000000), (1090519040 bytes)
Klass ID Range:  [8 - 1090519033) (1090519025)


Internal statistics:

num_allocs_failed_limit: 6.
num_arena_births: 522.
num_arena_deaths: 24.
num_vsnodes_births: 2.
num_vsnodes_deaths: 0.
num_space_committed: 732.
num_space_uncommitted: 0.
num_chunks_returned_to_freelist: 31.
num_chunks_taken_from_freelist: 2082.
num_chunk_merges: 8.
num_chunk_splits: 1496.
num_chunks_enlarged: 1215.
num_inconsistent_stats: 0.

CodeCache: size=49152Kb used=7254Kb max_used=7254Kb free=41897Kb
 bounds [0x00000204fa630000, 0x00000204fad50000, 0x00000204fd630000]
 total_blobs=5492, nmethods=4882, adapters=536, full_count=0
Compilation: enabled, stopped_count=0, restarted_count=0

Compilation events (20 events):
Event: 179.090 Thread 0x00000204fea21540 nmethod 4945 0x00000204fad41a08 code [0x00000204fad41b00, 0x00000204fad41c18]
Event: 179.091 Thread 0x00000204fea21540 4946       1       java.lang.Math::unsignedMultiplyHigh (32 bytes)
Event: 179.091 Thread 0x00000204fea21540 nmethod 4946 0x00000204fad41d08 code [0x00000204fad41e20, 0x00000204fad41f20]
Event: 179.092 Thread 0x00000204fea21540 4947       1       sun.security.util.math.intpoly.IntegerPolynomial$MutableElement::setProduct (6 bytes)
Event: 179.092 Thread 0x00000204fea21540 nmethod 4947 0x00000204fad42008 code [0x00000204fad42120, 0x00000204fad42208]
Event: 179.092 Thread 0x00000204fea21540 4948       1       sun.security.util.math.intpoly.IntegerPolynomial$MutableElement::setProduct (58 bytes)
Event: 179.093 Thread 0x00000204fea21540 nmethod 4948 0x00000204fad42308 code [0x00000204fad42440, 0x00000204fad42650]
Event: 179.095 Thread 0x00000204fea21540 4949       1       sun.security.ec.point.ProjectivePoint::getY (5 bytes)
Event: 179.095 Thread 0x00000204fea21540 nmethod 4949 0x00000204fad42688 code [0x00000204fad42780, 0x00000204fad42848]
Event: 179.096 Thread 0x00000204fea21540 4950       1       sun.security.ec.point.ProjectivePoint::getX (5 bytes)
Event: 179.096 Thread 0x00000204fea21540 nmethod 4950 0x00000204fad42988 code [0x00000204fad42a80, 0x00000204fad42b48]
Event: 179.096 Thread 0x00000204fea21540 4951       1       sun.security.util.math.intpoly.MontgomeryIntegerPolynomialP256::reduce (347 bytes)
Event: 179.097 Thread 0x00000204fea21540 nmethod 4951 0x00000204fad42c88 code [0x00000204fad42da0, 0x00000204fad43038]
Event: 179.097 Thread 0x00000204fea21540 4952       1       sun.security.util.math.intpoly.IntegerPolynomial$Element::getField (5 bytes)
Event: 179.097 Thread 0x00000204fea21540 nmethod 4952 0x00000204fad43088 code [0x00000204fad43180, 0x00000204fad43248]
Event: 179.098 Thread 0x00000204fea21540 4953       1       sun.security.ec.point.ProjectivePoint::getZ (5 bytes)
Event: 179.098 Thread 0x00000204fea21540 nmethod 4953 0x00000204fad43388 code [0x00000204fad43480, 0x00000204fad43548]
Event: 179.099 Thread 0x00000204fea21540 4954       1       sun.security.util.math.intpoly.MontgomeryIntegerPolynomialP256::mult (13 bytes)
Event: 179.106 Thread 0x00000204fea21540 nmethod 4954 0x00000204fad43688 code [0x00000204fad439a0, 0x00000204fad45a80]
Event: 179.106 Thread 0x00000204fea21540 4955       1       sun.security.util.math.intpoly.MontgomeryIntegerPolynomialP256::multImpl (2378 bytes)

GC Heap History (14 events):
Event: 16.871 GC heap before
{Heap before GC invocations=0 (full 0):
 garbage-first heap   total reserved 4163584K, committed 264192K, used 27764K [0x0000000701e00000, 0x0000000800000000)
  region size 2048K, 14 young (28672K), 0 survivors (0K)
 Metaspace       used 4661K, committed 4928K, reserved 1114112K
  class space    used 468K, committed 576K, reserved 1048576K
}
Event: 17.274 GC heap after
{Heap after GC invocations=1 (full 0):
 garbage-first heap   total reserved 4163584K, committed 264192K, used 11252K [0x0000000701e00000, 0x0000000800000000)
  region size 2048K, 2 young (4096K), 2 survivors (4096K)
 Metaspace       used 4661K, committed 4928K, reserved 1114112K
  class space    used 468K, committed 576K, reserved 1048576K
}
Event: 121.753 GC heap before
{Heap before GC invocations=1 (full 0):
 garbage-first heap   total reserved 4163584K, committed 264192K, used 41972K [0x0000000701e00000, 0x0000000800000000)
  region size 2048K, 18 young (36864K), 2 survivors (4096K)
 Metaspace       used 12338K, committed 12608K, reserved 1114112K
  class space    used 1352K, committed 1472K, reserved 1048576K
}
Event: 121.773 GC heap after
{Heap after GC invocations=2 (full 0):
 garbage-first heap   total reserved 4163584K, committed 264192K, used 13992K [0x0000000701e00000, 0x0000000800000000)
  region size 2048K, 2 young (4096K), 2 survivors (4096K)
 Metaspace       used 12338K, committed 12608K, reserved 1114112K
  class space    used 1352K, committed 1472K, reserved 1048576K
}
Event: 141.242 GC heap before
{Heap before GC invocations=2 (full 0):
 garbage-first heap   total reserved 4163584K, committed 264192K, used 69288K [0x0000000701e00000, 0x0000000800000000)
  region size 2048K, 30 young (61440K), 2 survivors (4096K)
 Metaspace       used 21246K, committed 21504K, reserved 1114112K
  class space    used 2242K, committed 2368K, reserved 1048576K
}
Event: 141.271 GC heap after
{Heap after GC invocations=3 (full 0):
 garbage-first heap   total reserved 4163584K, committed 264192K, used 21012K [0x0000000701e00000, 0x0000000800000000)
  region size 2048K, 5 young (10240K), 5 survivors (10240K)
 Metaspace       used 21246K, committed 21504K, reserved 1114112K
  class space    used 2242K, committed 2368K, reserved 1048576K
}
Event: 147.106 GC heap before
{Heap before GC invocations=4 (full 0):
 garbage-first heap   total reserved 4163584K, committed 75776K, used 55828K [0x0000000701e00000, 0x0000000800000000)
  region size 2048K, 22 young (45056K), 5 survivors (10240K)
 Metaspace       used 26728K, committed 27008K, reserved 1114112K
  class space    used 3006K, committed 3136K, reserved 1048576K
}
Event: 147.173 GC heap after
{Heap after GC invocations=5 (full 0):
 garbage-first heap   total reserved 4163584K, committed 75776K, used 23998K [0x0000000701e00000, 0x0000000800000000)
  region size 2048K, 2 young (4096K), 2 survivors (4096K)
 Metaspace       used 26728K, committed 27008K, reserved 1114112K
  class space    used 3006K, committed 3136K, reserved 1048576K
}
Event: 154.768 GC heap before
{Heap before GC invocations=5 (full 0):
 garbage-first heap   total reserved 4163584K, committed 75776K, used 52670K [0x0000000701e00000, 0x0000000800000000)
  region size 2048K, 16 young (32768K), 2 survivors (4096K)
 Metaspace       used 30760K, committed 31168K, reserved 1114112K
  class space    used 3507K, committed 3648K, reserved 1048576K
}
Event: 154.792 GC heap after
{Heap after GC invocations=6 (full 0):
 garbage-first heap   total reserved 4163584K, committed 75776K, used 26097K [0x0000000701e00000, 0x0000000800000000)
  region size 2048K, 2 young (4096K), 2 survivors (4096K)
 Metaspace       used 30760K, committed 31168K, reserved 1114112K
  class space    used 3507K, committed 3648K, reserved 1048576K
}
Event: 170.099 GC heap before
{Heap before GC invocations=6 (full 0):
 garbage-first heap   total reserved 4163584K, committed 75776K, used 46577K [0x0000000701e00000, 0x0000000800000000)
  region size 2048K, 13 young (26624K), 2 survivors (4096K)
 Metaspace       used 35554K, committed 35968K, reserved 1114112K
  class space    used 4019K, committed 4160K, reserved 1048576K
}
Event: 170.126 GC heap after
{Heap after GC invocations=7 (full 0):
 garbage-first heap   total reserved 4163584K, committed 75776K, used 27248K [0x0000000701e00000, 0x0000000800000000)
  region size 2048K, 2 young (4096K), 2 survivors (4096K)
 Metaspace       used 35554K, committed 35968K, reserved 1114112K
  class space    used 4019K, committed 4160K, reserved 1048576K
}
Event: 178.732 GC heap before
{Heap before GC invocations=8 (full 0):
 garbage-first heap   total reserved 4163584K, committed 75776K, used 60016K [0x0000000701e00000, 0x0000000800000000)
  region size 2048K, 18 young (36864K), 2 survivors (4096K)
 Metaspace       used 44372K, committed 44800K, reserved 1114112K
  class space    used 5017K, committed 5184K, reserved 1048576K
}
Event: 178.754 GC heap after
{Heap after GC invocations=9 (full 0):
 garbage-first heap   total reserved 4163584K, committed 75776K, used 30733K [0x0000000701e00000, 0x0000000800000000)
  region size 2048K, 3 young (6144K), 3 survivors (6144K)
 Metaspace       used 44372K, committed 44800K, reserved 1114112K
  class space    used 5017K, committed 5184K, reserved 1048576K
}

Dll operation events (11 events):
Event: 0.052 Loaded shared library C:\Program Files\Java\jdk-24\bin\java.dll
Event: 1.263 Loaded shared library C:\Program Files\Java\jdk-24\bin\zip.dll
Event: 1.284 Loaded shared library C:\Program Files\Java\jdk-24\bin\instrument.dll
Event: 1.359 Loaded shared library C:\Program Files\Java\jdk-24\bin\net.dll
Event: 1.393 Loaded shared library C:\Program Files\Java\jdk-24\bin\nio.dll
Event: 1.414 Loaded shared library C:\Program Files\Java\jdk-24\bin\zip.dll
Event: 8.499 Loaded shared library C:\Program Files\Java\jdk-24\bin\extnet.dll
Event: 8.588 Loaded shared library C:\Program Files\Java\jdk-24\bin\jimage.dll
Event: 12.779 Loaded shared library C:\Program Files\Java\jdk-24\bin\management.dll
Event: 13.836 Loaded shared library C:\Program Files\Java\jdk-24\bin\management_ext.dll
Event: 128.096 Loaded shared library C:\Program Files\Java\jdk-24\bin\sunmscapi.dll

Deoptimization events (2 events):
Event: 128.142 Thread 0x00000204cb0be820 DEOPT PACKING pc=0x00000204fa9b8b3c sp=0x000000a2f79fcaf0
Event: 128.142 Thread 0x00000204cb0be820 DEOPT UNPACKING pc=0x00000204fa685722 sp=0x000000a2f79fbfe8 mode 0

Classes loaded (20 events):
Event: 179.083 Loading class sun/security/util/math/intpoly/P521OrderField
Event: 179.084 Loading class sun/security/util/math/intpoly/P521OrderField done
Event: 179.086 Loading class sun/security/ec/ECPrivateKeyImpl
Event: 179.087 Loading class java/security/interfaces/ECPrivateKey
Event: 179.087 Loading class java/security/interfaces/ECKey
Event: 179.087 Loading class java/security/interfaces/ECKey done
Event: 179.087 Loading class java/security/interfaces/ECPrivateKey done
Event: 179.087 Loading class sun/security/ec/ECPrivateKeyImpl done
Event: 179.088 Loading class sun/security/util/ArrayUtil
Event: 179.088 Loading class sun/security/util/ArrayUtil done
Event: 179.090 Loading class sun/security/ec/ECOperations$Secp256R1GeneratorMontgomeryMultiplier
Event: 179.090 Loading class sun/security/ec/ECOperations$PointMultiplier
Event: 179.090 Loading class sun/security/ec/ECOperations$PointMultiplier done
Event: 179.090 Loading class sun/security/ec/ECOperations$Secp256R1GeneratorMontgomeryMultiplier done
Event: 179.091 Loading class sun/security/ec/ECOperations$DefaultMultiplier
Event: 179.091 Loading class sun/security/ec/ECOperations$DefaultMultiplier done
Event: 179.091 Loading class sun/security/ec/point/ProjectivePoint$Mutable
Event: 179.092 Loading class sun/security/ec/point/MutablePoint
Event: 179.092 Loading class sun/security/ec/point/MutablePoint done
Event: 179.092 Loading class sun/security/ec/point/ProjectivePoint$Mutable done

Classes unloaded (12 events):
Event: 170.204 Thread 0x00000204fea06e50 Unloading class 0x00000204871b9400 'java/lang/invoke/LambdaForm$DMH+0x00000204871b9400'
Event: 170.204 Thread 0x00000204fea06e50 Unloading class 0x0000020487113800 'java/lang/invoke/LambdaForm$DMH+0x0000020487113800'
Event: 170.204 Thread 0x00000204fea06e50 Unloading class 0x0000020487113000 'java/lang/invoke/LambdaForm$DMH+0x0000020487113000'
Event: 170.204 Thread 0x00000204fea06e50 Unloading class 0x0000020487112800 'java/lang/invoke/LambdaForm$DMH+0x0000020487112800'
Event: 170.204 Thread 0x00000204fea06e50 Unloading class 0x0000020487111800 'java/lang/invoke/LambdaForm$DMH+0x0000020487111800'
Event: 170.204 Thread 0x00000204fea06e50 Unloading class 0x0000020487101400 'java/lang/invoke/LambdaForm$MH+0x0000020487101400'
Event: 170.204 Thread 0x00000204fea06e50 Unloading class 0x00000204870b4000 'java/lang/invoke/LambdaForm$DMH+0x00000204870b4000'
Event: 170.204 Thread 0x00000204fea06e50 Unloading class 0x00000204870ac000 'java/lang/invoke/LambdaForm$DMH+0x00000204870ac000'
Event: 170.205 Thread 0x00000204fea06e50 Unloading class 0x0000020487020c00 'java/lang/invoke/LambdaForm$BMH+0x0000020487020c00'
Event: 170.205 Thread 0x00000204fea06e50 Unloading class 0x0000020487002400 'java/lang/invoke/LambdaForm$MH+0x0000020487002400'
Event: 170.205 Thread 0x00000204fea06e50 Unloading class 0x0000020487002000 'java/lang/invoke/LambdaForm$MH+0x0000020487002000'
Event: 170.205 Thread 0x00000204fea06e50 Unloading class 0x0000020487001c00 'java/lang/invoke/LambdaForm$MH+0x0000020487001c00'

Classes redefined (0 events):
No events

Internal exceptions (20 events):
Event: 149.092 Thread 0x00000204cb0be820 Exception <a 'java/lang/NoSuchMethodError'{0x000000070d9a29a8}: 'void java.lang.invoke.DirectMethodHandle$Holder.invokeStatic(java.lang.Object, java.lang.Object, java.lang.Object, int, java.lang.Object)'> (0x000000070d9a29a8) 
thrown [s\open\src\hotspot\share\interpreter\linkResolver.cpp, line 805]
Event: 149.115 Thread 0x00000204cb0be820 Exception <a 'java/lang/NoSuchMethodError'{0x000000070588bee8}: 'void java.lang.invoke.DirectMethodHandle$Holder.invokeStatic(java.lang.Object, int, java.lang.Object)'> (0x000000070588bee8) 
thrown [s\open\src\hotspot\share\interpreter\linkResolver.cpp, line 805]
Event: 149.285 Thread 0x00000204cb0be820 Exception <a 'java/lang/NoSuchMethodError'{0x000000070570a8d0}: 'java.lang.Object java.lang.invoke.DirectMethodHandle$Holder.invokeVirtual(java.lang.Object, java.lang.Object, java.lang.Object, java.lang.Object, java.lang.Object)'> (0x000000070570a8d0) 
thrown [s\open\src\hotspot\share\interpreter\linkResolver.cpp, line 805]
Event: 150.277 Thread 0x00000204cb0be820 Exception <a 'java/lang/NoSuchMethodError'{0x00000007054df708}: 'java.lang.Object java.lang.invoke.DirectMethodHandle$Holder.invokeStaticInit(java.lang.Object, java.lang.Object, int, int, int, int)'> (0x00000007054df708) 
thrown [s\open\src\hotspot\share\interpreter\linkResolver.cpp, line 805]
Event: 153.413 Thread 0x00000204cb0be820 Exception <a 'java/lang/NoSuchMethodError'{0x0000000704de7ec8}: 'int java.lang.invoke.DirectMethodHandle$Holder.invokeVirtual(java.lang.Object, java.lang.Object, java.lang.Object, java.lang.Object)'> (0x0000000704de7ec8) 
thrown [s\open\src\hotspot\share\interpreter\linkResolver.cpp, line 805]
Event: 153.448 Thread 0x00000204cb0be820 Exception <a 'java/lang/NoSuchMethodError'{0x0000000704df0660}: 'int java.lang.invoke.DelegatingMethodHandle$Holder.reinvoke_L(java.lang.Object, java.lang.Object, java.lang.Object, java.lang.Object)'> (0x0000000704df0660) 
thrown [s\open\src\hotspot\share\interpreter\linkResolver.cpp, line 805]
Event: 154.345 Thread 0x00000204cb0be820 Exception <a 'java/io/FileNotFoundException'{0x0000000704b10c30}> (0x0000000704b10c30) 
thrown [s\open\src\hotspot\share\prims\jni.cpp, line 518]
Event: 154.991 Thread 0x00000204cb0be820 Exception <a 'java/io/IOException'{0x00000007ffed6188}> (0x00000007ffed6188) 
thrown [s\open\src\hotspot\share\prims\jni.cpp, line 518]
Event: 154.996 Thread 0x00000204cb0be820 Exception <a 'java/io/IOException'{0x00000007ffed68a8}> (0x00000007ffed68a8) 
thrown [s\open\src\hotspot\share\prims\jni.cpp, line 518]
Event: 154.997 Thread 0x00000204cb0be820 Exception <a 'java/io/IOException'{0x00000007ffed6fb8}> (0x00000007ffed6fb8) 
thrown [s\open\src\hotspot\share\prims\jni.cpp, line 518]
Event: 155.158 Thread 0x00000204cb0be820 Exception <a 'java/io/IOException'{0x00000007fff38340}> (0x00000007fff38340) 
thrown [s\open\src\hotspot\share\prims\jni.cpp, line 518]
Event: 155.188 Thread 0x00000204cb0be820 Exception <a 'java/io/IOException'{0x00000007fff3bdf8}> (0x00000007fff3bdf8) 
thrown [s\open\src\hotspot\share\prims\jni.cpp, line 518]
Event: 155.197 Thread 0x00000204cb0be820 Exception <a 'java/io/IOException'{0x00000007fff3c8d0}> (0x00000007fff3c8d0) 
thrown [s\open\src\hotspot\share\prims\jni.cpp, line 518]
Event: 156.032 Thread 0x00000204cb0be820 Exception <a 'java/lang/NoSuchMethodError'{0x00000007fffa23c0}: 'int java.lang.invoke.DirectMethodHandle$Holder.invokeInterface(java.lang.Object, java.lang.Object, java.lang.Object, java.lang.Object)'> (0x00000007fffa23c0) 
thrown [s\open\src\hotspot\share\interpreter\linkResolver.cpp, line 805]
Event: 158.614 Thread 0x00000204cb0be820 Exception <a 'java/lang/NoSuchMethodError'{0x0000000711d06b48}: 'void java.lang.invoke.Invokers$Holder.invokeExact_MT(java.lang.Object, java.lang.Object, java.lang.Object, java.lang.Object)'> (0x0000000711d06b48) 
thrown [s\open\src\hotspot\share\interpreter\linkResolver.cpp, line 805]
Event: 160.865 Thread 0x00000204cb0be820 Exception <a 'java/lang/NoSuchMethodError'{0x000000070de6ccc0}: 'java.lang.Object java.lang.invoke.DirectMethodHandle$Holder.newInvokeSpecial(java.lang.Object, java.lang.Object, java.lang.Object, java.lang.Object, java.lang.Object, java.lang.Object, java.lang.Object, java.lang.Object, java.lang.Object, java.lang.Object, java.lang.Object, java.lang.Object)'> (0x000000070de6ccc0) 
thrown [s\open\src\hotspot\share\interpreter\linkResolver.cpp, line 805]
Event: 165.090 Thread 0x00000204cb0be820 Exception <a 'java/lang/NoSuchMethodError'{0x000000070db28790}: 'void java.lang.invoke.DelegatingMethodHandle$Holder.reinvoke_L(java.lang.Object, java.lang.Object, java.lang.Object, java.lang.Object, int, java.lang.Object, java.lang.Object, java.lang.Object)'> (0x000000070db28790) 
thrown [s\open\src\hotspot\share\interpreter\linkResolver.cpp, line 805]
Event: 165.109 Thread 0x00000204cb0be820 Exception <a 'java/lang/NoSuchMethodError'{0x000000070db7d020}: 'java.lang.Object java.lang.invoke.DirectMethodHandle$Holder.invokeStatic(java.lang.Object, java.lang.Object, java.lang.Object, java.lang.Object, java.lang.Object, java.lang.Object, java.lang.Object, java.lang.Object, java.lang.Object, java.lang.Object)'> (0x000000070db7d020) 
thrown [s\open\src\hotspot\share\interpreter\linkResolver.cpp, line 805]
Event: 166.716 Thread 0x00000204cb0be820 Exception <a 'java/io/IOException'{0x0000000705877ff8}> (0x0000000705877ff8) 
thrown [s\open\src\hotspot\share\prims\jni.cpp, line 518]
Event: 178.629 Thread 0x00000204cb0be820 Exception <a 'sun/nio/fs/WindowsException'{0x0000000704592890}> (0x0000000704592890) 
thrown [s\open\src\hotspot\share\prims\jni.cpp, line 518]

VM Operations (20 events):
Event: 155.067 Executing VM operation: HandshakeAllThreads (Deoptimize)
Event: 155.067 Executing VM operation: HandshakeAllThreads (Deoptimize) done
Event: 160.841 Executing VM operation: HandshakeAllThreads (Deoptimize)
Event: 160.842 Executing VM operation: HandshakeAllThreads (Deoptimize) done
Event: 170.098 Executing VM operation: CollectForMetadataAllocation (Metadata GC Threshold)
Event: 170.126 Executing VM operation: CollectForMetadataAllocation (Metadata GC Threshold) done
Event: 170.203 Executing VM operation: G1PauseRemark
Event: 170.240 Executing VM operation: G1PauseRemark done
Event: 170.264 Executing VM operation: G1PauseCleanup
Event: 170.264 Executing VM operation: G1PauseCleanup done
Event: 178.509 Executing VM operation: HandshakeAllThreads (Deoptimize)
Event: 178.509 Executing VM operation: HandshakeAllThreads (Deoptimize) done
Event: 178.588 Executing VM operation: HandshakeAllThreads (Deoptimize)
Event: 178.588 Executing VM operation: HandshakeAllThreads (Deoptimize) done
Event: 178.635 Executing VM operation: HandshakeAllThreads (Deoptimize)
Event: 178.635 Executing VM operation: HandshakeAllThreads (Deoptimize) done
Event: 178.651 Executing VM operation: HandshakeAllThreads (Deoptimize)
Event: 178.651 Executing VM operation: HandshakeAllThreads (Deoptimize) done
Event: 178.732 Executing VM operation: G1CollectForAllocation (G1 Evacuation Pause)
Event: 178.754 Executing VM operation: G1CollectForAllocation (G1 Evacuation Pause) done

Memory protections (0 events):
No events

Nmethod flushes (20 events):
Event: 170.238 Thread 0x00000204fea06e50 flushing  nmethod 0x00000204fa7b7e88
Event: 170.238 Thread 0x00000204fea06e50 flushing  nmethod 0x00000204fa7b8188
Event: 170.238 Thread 0x00000204fea06e50 flushing  nmethod 0x00000204fa7b8c08
Event: 170.238 Thread 0x00000204fea06e50 flushing  nmethod 0x00000204fa7e3c08
Event: 170.238 Thread 0x00000204fea06e50 flushing  nmethod 0x00000204fa7ee888
Event: 170.238 Thread 0x00000204fea06e50 flushing  nmethod 0x00000204fa82eb88
Event: 170.238 Thread 0x00000204fea06e50 flushing  nmethod 0x00000204fa860008
Event: 170.238 Thread 0x00000204fea06e50 flushing  nmethod 0x00000204fa863c08
Event: 170.238 Thread 0x00000204fea06e50 flushing  nmethod 0x00000204fa788b88
Event: 170.238 Thread 0x00000204fea06e50 flushing  nmethod 0x00000204fa78c388
Event: 170.238 Thread 0x00000204fea06e50 flushing  nmethod 0x00000204fa78cc88
Event: 170.238 Thread 0x00000204fea06e50 flushing  nmethod 0x00000204fa82d808
Event: 170.238 Thread 0x00000204fea06e50 flushing  nmethod 0x00000204fa85af08
Event: 170.238 Thread 0x00000204fea06e50 flushing  nmethod 0x00000204fa85b288
Event: 170.238 Thread 0x00000204fea06e50 flushing  nmethod 0x00000204fa868d88
Event: 170.238 Thread 0x00000204fea06e50 flushing  nmethod 0x00000204fa917708
Event: 170.238 Thread 0x00000204fea06e50 flushing  nmethod 0x00000204fa9c5588
Event: 170.238 Thread 0x00000204fea06e50 flushing  nmethod 0x00000204fa9fc008
Event: 170.238 Thread 0x00000204fea06e50 flushing  nmethod 0x00000204faba8108
Event: 170.238 Thread 0x00000204fea06e50 flushing  nmethod 0x00000204fabddd88

Events (20 events):
Event: 6.526 Thread 0x00000204cb0efcb0 Thread exited: 0x00000204cb0efcb0
Event: 8.459 Thread 0x00000204f1d9fce0 Thread added: 0x00000204cb7a4070
Event: 8.460 Thread 0x00000204f1d9fce0 Thread added: 0x00000204cb7a47b0
Event: 8.622 Thread 0x00000204fea21540 Thread added: 0x00000204cbd9b530
Event: 8.623 Thread 0x00000204fea21540 Thread added: 0x00000204cbd9bcc0
Event: 14.730 Thread 0x00000204cbd9bcc0 Thread exited: 0x00000204cbd9bcc0
Event: 15.310 Thread 0x00000204cbd9b530 Thread exited: 0x00000204cbd9b530
Event: 18.562 Thread 0x00000204f1d9fce0 Thread added: 0x00000204cb0d61b0
Event: 18.643 Thread 0x00000204cb0d61b0 Thread added: 0x00000204cb0be820
Event: 108.965 Thread 0x00000204fea21540 Thread added: 0x00000204cbb5ec10
Event: 115.440 Thread 0x00000204cbb5ec10 Thread exited: 0x00000204cbb5ec10
Event: 118.363 Thread 0x00000204cb0be820 Thread added: 0x00000204cbb589c0
Event: 120.298 Thread 0x00000204fea21540 Thread added: 0x00000204cbd45e30
Event: 127.207 Thread 0x00000204cbd45e30 Thread exited: 0x00000204cbd45e30
Event: 133.091 Thread 0x00000204fea21540 Thread added: 0x00000204cbc37250
Event: 133.799 Thread 0x00000204cbb589c0 Thread exited: 0x00000204cbb589c0
Event: 136.044 Thread 0x00000204cb0be820 Thread added: 0x00000204cc37b050
Event: 136.984 Thread 0x00000204cc37b050 Thread exited: 0x00000204cc37b050
Event: 144.295 Thread 0x00000204cbc37250 Thread exited: 0x00000204cbc37250
Event: 160.488 Thread 0x00000204cb0be820 Thread added: 0x00000204cbaaf850


Dynamic libraries:
0x00007ff753550000 - 0x00007ff753560000 	C:\Program Files\Java\jdk-24\bin\java.exe
0x00007fff68890000 - 0x00007fff68a88000 	C:\WINDOWS\SYSTEM32\ntdll.dll
0x00007fff23ce0000 - 0x00007fff23d01000 	C:\Program Files\Avast Software\Avast\aswhook.dll
0x00007fff68310000 - 0x00007fff683d2000 	C:\WINDOWS\System32\KERNEL32.DLL
0x00007fff65f20000 - 0x00007fff66216000 	C:\WINDOWS\System32\KERNELBASE.dll
0x00007fff66430000 - 0x00007fff66530000 	C:\WINDOWS\System32\ucrtbase.dll
0x00007fff50390000 - 0x00007fff503a6000 	C:\Program Files\Java\jdk-24\bin\jli.dll
0x00007fff67da0000 - 0x00007fff67f41000 	C:\WINDOWS\System32\USER32.dll
0x00007fff66400000 - 0x00007fff66422000 	C:\WINDOWS\System32\win32u.dll
0x00007fff670d0000 - 0x00007fff670fb000 	C:\WINDOWS\System32\GDI32.dll
0x00007fff66790000 - 0x00007fff668a9000 	C:\WINDOWS\System32\gdi32full.dll
0x00007fff662b0000 - 0x00007fff6634d000 	C:\WINDOWS\System32\msvcp_win.dll
0x00007fff46f60000 - 0x00007fff46f7b000 	C:\Program Files\Java\jdk-24\bin\VCRUNTIME140.dll
0x00007fff4cf30000 - 0x00007fff4d1cb000 	C:\WINDOWS\WinSxS\amd64_microsoft.windows.common-controls_6595b64144ccf1df_6.0.19041.6456_none_60b8a6cb71f64256\COMCTL32.dll
0x00007fff67870000 - 0x00007fff6790e000 	C:\WINDOWS\System32\msvcrt.dll
0x00007fff66b20000 - 0x00007fff66b4f000 	C:\WINDOWS\System32\IMM32.DLL
0x00007fff5c6a0000 - 0x00007fff5c6ac000 	C:\Program Files\Java\jdk-24\bin\vcruntime140_1.dll
0x00007fff212c0000 - 0x00007fff2134e000 	C:\Program Files\Java\jdk-24\bin\msvcp140.dll
0x00007fff02a40000 - 0x00007fff037e2000 	C:\Program Files\Java\jdk-24\bin\server\jvm.dll
0x00007fff66cf0000 - 0x00007fff66da1000 	C:\WINDOWS\System32\ADVAPI32.dll
0x00007fff67c30000 - 0x00007fff67ccf000 	C:\WINDOWS\System32\sechost.dll
0x00007fff66e70000 - 0x00007fff66f90000 	C:\WINDOWS\System32\RPCRT4.dll
0x00007fff66600000 - 0x00007fff66627000 	C:\WINDOWS\System32\bcrypt.dll
0x00007fff66f90000 - 0x00007fff66ffb000 	C:\WINDOWS\System32\WS2_32.dll
0x00007fff65d80000 - 0x00007fff65dcb000 	C:\WINDOWS\SYSTEM32\POWRPROF.dll
0x00007fff4d2b0000 - 0x00007fff4d2d7000 	C:\WINDOWS\SYSTEM32\WINMM.dll
0x00007fff64b50000 - 0x00007fff64b5a000 	C:\WINDOWS\SYSTEM32\VERSION.dll
0x00007fff65d60000 - 0x00007fff65d72000 	C:\WINDOWS\SYSTEM32\UMPDC.dll
0x00007fff63dd0000 - 0x00007fff63de2000 	C:\WINDOWS\SYSTEM32\kernel.appcore.dll
0x00007fff59470000 - 0x00007fff5947a000 	C:\Program Files\Java\jdk-24\bin\jimage.dll
0x00007fff639f0000 - 0x00007fff63bf1000 	C:\WINDOWS\SYSTEM32\DBGHELP.DLL
0x00007fff55ad0000 - 0x00007fff55b04000 	C:\WINDOWS\SYSTEM32\dbgcore.DLL
0x00007fff66220000 - 0x00007fff662a2000 	C:\WINDOWS\System32\bcryptPrimitives.dll
0x00007fff51b10000 - 0x00007fff51b1f000 	C:\Program Files\Java\jdk-24\bin\instrument.dll
0x00007fff3aa10000 - 0x00007fff3aa2e000 	C:\Program Files\Java\jdk-24\bin\java.dll
0x00007fff668b0000 - 0x00007fff669db000 	C:\WINDOWS\System32\ole32.dll
0x00007fff67f50000 - 0x00007fff682a4000 	C:\WINDOWS\System32\combase.dll
0x00007fff67100000 - 0x00007fff67870000 	C:\WINDOWS\System32\SHELL32.dll
0x00007fff643a0000 - 0x00007fff64b45000 	C:\WINDOWS\SYSTEM32\windows.storage.dll
0x00007fff65790000 - 0x00007fff657bb000 	C:\WINDOWS\SYSTEM32\Wldp.dll
0x00007fff67cd0000 - 0x00007fff67d9d000 	C:\WINDOWS\System32\OLEAUT32.dll
0x00007fff67020000 - 0x00007fff670cd000 	C:\WINDOWS\System32\SHCORE.dll
0x00007fff682b0000 - 0x00007fff6830b000 	C:\WINDOWS\System32\shlwapi.dll
0x00007fff65e50000 - 0x00007fff65e74000 	C:\WINDOWS\SYSTEM32\profapi.dll
0x00007fff36f10000 - 0x00007fff36f27000 	C:\Program Files\Java\jdk-24\bin\zip.dll
0x00007fff50e50000 - 0x00007fff50e60000 	C:\Program Files\Java\jdk-24\bin\net.dll
0x00007fff65570000 - 0x00007fff655da000 	C:\WINDOWS\system32\mswsock.dll
0x00007fff35a30000 - 0x00007fff35a46000 	C:\Program Files\Java\jdk-24\bin\nio.dll
0x00007fff50470000 - 0x00007fff50479000 	C:\Program Files\Java\jdk-24\bin\extnet.dll
0x00007fff50240000 - 0x00007fff5024a000 	C:\Program Files\Java\jdk-24\bin\management.dll
0x00007fff50110000 - 0x00007fff5011b000 	C:\Program Files\Java\jdk-24\bin\management_ext.dll
0x00007fff67010000 - 0x00007fff67018000 	C:\WINDOWS\System32\PSAPI.DLL
0x00007fff46f50000 - 0x00007fff46f5e000 	C:\Program Files\Java\jdk-24\bin\sunmscapi.dll
0x00007fff66630000 - 0x00007fff6678d000 	C:\WINDOWS\System32\CRYPT32.dll
0x00007fff65950000 - 0x00007fff65977000 	C:\WINDOWS\SYSTEM32\ncrypt.dll
0x00007fff65910000 - 0x00007fff6594b000 	C:\WINDOWS\SYSTEM32\NTASN1.dll
0x00007fff657d0000 - 0x00007fff657e8000 	C:\WINDOWS\SYSTEM32\CRYPTSP.dll
0x00007fff64eb0000 - 0x00007fff64ee8000 	C:\WINDOWS\system32\rsaenh.dll
0x00007fff65dd0000 - 0x00007fff65dfe000 	C:\WINDOWS\SYSTEM32\USERENV.dll
0x00007fff65700000 - 0x00007fff6570c000 	C:\WINDOWS\SYSTEM32\CRYPTBASE.dll
0x00007fff65270000 - 0x00007fff652ab000 	C:\WINDOWS\SYSTEM32\IPHLPAPI.DLL
0x00007fff66e60000 - 0x00007fff66e68000 	C:\WINDOWS\System32\NSI.dll
0x00007fff652b0000 - 0x00007fff6537a000 	C:\WINDOWS\SYSTEM32\DNSAPI.dll
0x000000005dbd0000 - 0x000000005dbf6000 	C:\Program Files\Bonjour\mdnsNSP.dll
0x00007fff483b0000 - 0x00007fff483ba000 	C:\Windows\System32\rasadhlp.dll
0x00007fff4e170000 - 0x00007fff4e1f0000 	C:\WINDOWS\System32\fwpuclnt.dll

dbghelp: loaded successfully - version: 4.0.5 - missing functions: none
symbol engine: initialized successfully - sym options: 0x614 - pdb path: .;C:\Program Files\Java\jdk-24\bin;C:\WINDOWS\SYSTEM32;C:\Program Files\Avast Software\Avast;C:\WINDOWS\WinSxS\amd64_microsoft.windows.common-controls_6595b64144ccf1df_6.0.19041.6456_none_60b8a6cb71f64256;C:\Program Files\Java\jdk-24\bin\server;C:\Program Files\Bonjour

VM Arguments:
jvm_args: -XX:TieredStopAtLevel=1 -Dspring.output.ansi.enabled=always -javaagent:C:\Program Files\JetBrains\IntelliJ IDEA 2026.1.1\lib\idea_rt.jar=61684 -Dfile.encoding=UTF-8 -Dsun.stdout.encoding=UTF-8 -Dsun.stderr.encoding=UTF-8 
java_command: com.example.student_management.StudentManagementApplication
java_class_path (initial): C:\Users\vince\IdeaProjects\student-management\target\classes;C:\Users\vince\.m2\repository\org\springframework\boot\spring-boot-starter-data-jpa\4.0.6\spring-boot-starter-data-jpa-4.0.6.jar;C:\Users\vince\.m2\repository\org\springframework\boot\spring-boot-starter\4.0.6\spring-boot-starter-4.0.6.jar;C:\Users\vince\.m2\repository\org\springframework\boot\spring-boot-starter-logging\4.0.6\spring-boot-starter-logging-4.0.6.jar;C:\Users\vince\.m2\repository\ch\qos\logback\logback-classic\1.5.32\logback-classic-1.5.32.jar;C:\Users\vince\.m2\repository\ch\qos\logback\logback-core\1.5.32\logback-core-1.5.32.jar;C:\Users\vince\.m2\repository\org\apache\logging\log4j\log4j-to-slf4j\2.25.4\log4j-to-slf4j-2.25.4.jar;C:\Users\vince\.m2\repository\org\apache\logging\log4j\log4j-api\2.25.4\log4j-api-2.25.4.jar;C:\Users\vince\.m2\repository\org\slf4j\jul-to-slf4j\2.0.17\jul-to-slf4j-2.0.17.jar;C:\Users\vince\.m2\repository\jakarta\annotation\jakarta.annotation-api\3.0.0\jakarta.annotation-api-3.0.0.jar;C:\Users\vince\.m2\repository\org\yaml\snakeyaml\2.5\snakeyaml-2.5.jar;C:\Users\vince\.m2\repository\org\springframework\boot\spring-boot-starter-jdbc\4.0.6\spring-boot-starter-jdbc-4.0.6.jar;C:\Users\vince\.m2\repository\com\zaxxer\HikariCP\7.0.2\HikariCP-7.0.2.jar;C:\Users\vince\.m2\repository\org\slf4j\slf4j-api\2.0.17\slf4j-api-2.0.17.jar;C:\Users\vince\.m2\repository\org\springframework\boot\spring-boot-data-jpa\4.0.6\spring-boot-data-jpa-4.0.6.jar;C:\Users\vince\.m2\repository\org\springframework\boot\spring-boot-data-commons\4.0.6\spring-boot-data-commons-4.0.6.jar;C:\Users\vince\.m2\repository\org\springframework\boot\spring-boot-persistence\4.0.6\spring-boot-persistence-4.0.6.jar;C:\Users\vince\.m2\repository\org\springframework\data\spring-data-commons\4.0.5\spring-data-commons-4.0.5.jar;C:\Users\vince\.m2\repository\org\springframework\boot\spring-boot-hibernate\4.0.6\spring-boot-hibernate-4.0.6.jar;C:\Users\vince\.m2\repository\org\springframework\boot\spring-boot-jpa\4.0.6\spring-boot-jpa-4.0.6.jar;C:\Users\vince\.m2\repository\jakarta\persistence\jakarta.persistence-api\3.2.0\jakarta.persistence-api-3.2.0.jar;C:\Users\vince\.m2\repository\org\hibernate\orm\hibernate-core\7.2.12.Final\hibernate-core-7.2.12.Final.jar;C:\Users\vince\.m2\repository\jakarta\transaction\jakarta.transaction-api\2.0.1\jakarta.transaction-api-2.0.1.jar;C:\Users\vince\.m2\repository\org\jboss\logging\jboss-logging\3.6.3.Final\jboss-logging-3.6.3.Final.jar;C:\Users\vince\.m2\repository\org\hibernate\models\hibernate-models\1.0.1\hibernate-models-1.0.1.jar;C:\Users\vince\.m2\repository\org\glassfish\jaxb\jaxb-runtime\4.0.6\jaxb-runtime-4.0.6.jar;C:\Users\vince\.m2\repository\org\glassfish\jaxb\jaxb-core\4.0.6\jaxb-core-4.0.6.jar;C:\Users\vince\.m2\repository\org\glassfish\jaxb\txw2\4.0.6\txw2-4.0.6.jar;C:\Users\vince\.m2\repository\com\sun\istack\istack-commons-runtime\4.1.2\istack-commons-runtime-4.1.2.jar;C:\Users\vince\.m2\repository\jakarta\inject\jakarta.inject-api\2.0.1\jakarta.inject-api-2.0.1.jar;C:\Users\vince\.m2\repository\org\springframework\spring-orm\7.0.7\spring-orm-7.0.7.jar;C:\Users\vince\.m2\repository\org\springframework\data\spring-data-jpa\4.0.5\spring-data-jpa-4.0.5.jar;C:\Users\vince\.m2\repository\org\springframework\spring-tx\7.0.7\spring-tx-7.0.7.jar;C:\Users\vince\.m2\repository\org\antlr\antlr4-runtime\4.13.2\antlr4-runtime-4.13.2.jar;C:\Users\vince\.m2\repository\org\springframework\spring-aspects\7.0.7\spring-aspects-7.0.7.jar;C:\Users\vince\.m2\repository\org\aspectj\aspectjweaver\1.9.25.1\aspectjweaver-1.9.25.1.jar;C:\Users\vince\.m2\repository\org\springframework\boot\spring-boot-jdbc\4.0.6\spring-boot-jdbc-4.0.6.jar;C:\Users\vince\.m2\repository\org\springframework\boot\spring-boot-sql\4.0.6\spring-boot-sql-4.0.6.jar;C:\Users\vince\.m2\repository\org\springframework\boot\spring-boot-transaction\4.0.6\spring-boot-transaction-4.0.6.jar;C:\Users\vince\.m2\repository\org\springframework\spring-jdbc\7.0.7\spring-jdbc-7.0.7.jar;C:\Users\vince\.m2\repository\org\springframework\boot\spring-boot-starter-webmvc\4.0.6\spring-boot-starter-webmvc-4.0.6.jar;C:\Users\vince\.m2\repository\org\springframework\boot\spring-boot-starter-jackson\4.0.6\spring-boot-starter-jackson-4.0.6.jar;C:\Users\vince\.m2\repository\org\springframework\boot\spring-boot-jackson\4.0.6\spring-boot-jackson-4.0.6.jar;C:\Users\vince\.m2\repository\tools\jackson\core\jackson-databind\3.1.2\jackson-databind-3.1.2.jar;C:\Users\vince\.m2\repository\org\springframework\boot\spring-boot-starter-tomcat\4.0.6\spring-boot-starter-tomcat-4.0.6.jar;C:\Users\vince\.m2\repository\org\springframework\boot\spring-boot-starter-tomcat-runtime\4.0.6\spring-boot-starter-tomcat-runtime-4.0.6.jar;C:\Users\vince\.m2\repository\org\apache\tomcat\embed\tomcat-embed-core\11.0.21\tomcat-embed-core-11.0.21.jar;C:\Users\vince\.m2\repository\org\apache\tomcat\embed\tomcat-embed-el\11.0.21\tomcat-embed-el-11.0.21.jar;C:\Users\vince\.m2\repository\org\apache\tomcat\embed\tomcat-embed-websocket\11.0.21\tomcat-embed-websocket-11.0.21.jar;C:\Users\vince\.m2\repository\org\springframework\boot\spring-boot-tomcat\4.0.6\spring-boot-tomcat-4.0.6.jar;C:\Users\vince\.m2\repository\org\springframework\boot\spring-boot-http-converter\4.0.6\spring-boot-http-converter-4.0.6.jar;C:\Users\vince\.m2\repository\org\springframework\spring-web\7.0.7\spring-web-7.0.7.jar;C:\Users\vince\.m2\repository\io\micrometer\micrometer-observation\1.16.5\micrometer-observation-1.16.5.jar;C:\Users\vince\.m2\repository\io\micrometer\micrometer-commons\1.16.5\micrometer-commons-1.16.5.jar;C:\Users\vince\.m2\repository\org\springframework\boot\spring-boot-webmvc\4.0.6\spring-boot-webmvc-4.0.6.jar;C:\Users\vince\.m2\repository\org\springframework\boot\spring-boot-servlet\4.0.6\spring-boot-servlet-4.0.6.jar;C:\Users\vince\.m2\repository\org\springframework\spring-webmvc\7.0.7\spring-webmvc-7.0.7.jar;C:\Users\vince\.m2\repository\org\springframework\spring-expression\7.0.7\spring-expression-7.0.7.jar;C:\Users\vince\.m2\repository\org\springframework\boot\spring-boot-devtools\4.0.6\spring-boot-devtools-4.0.6.jar;C:\Users\vince\.m2\repository\org\springframework\boot\spring-boot\4.0.6\spring-boot-4.0.6.jar;C:\Users\vince\.m2\repository\org\springframework\spring-core\7.0.7\spring-core-7.0.7.jar;C:\Users\vince\.m2\repository\commons-logging\commons-logging\1.3.6\commons-logging-1.3.6.jar;C:\Users\vince\.m2\repository\org\jspecify\jspecify\1.0.0\jspecify-1.0.0.jar;C:\Users\vince\.m2\repository\org\springframework\spring-context\7.0.7\spring-context-7.0.7.jar;C:\Users\vince\.m2\repository\org\springframework\boot\spring-boot-autoconfigure\4.0.6\spring-boot-autoconfigure-4.0.6.jar;C:\Users\vince\.m2\repository\com\mysql\mysql-connector-j\9.7.0\mysql-connector-j-9.7.0.jar;C:\Users\vince\.m2\repository\org\projectlombok\lombok\1.18.46\lombok-1.18.46.jar;C:\Users\vince\.m2\repository\jakarta\xml\bind\jakarta.xml.bind-api\4.0.4\jakarta.xml.bind-api-4.0.4.jar;C:\Users\vince\.m2\repository\jakarta\activation\jakarta.activation-api\2.1.4\jakarta.activation-api-2.1.4.jar;C:\Users\vince\.m2\repository\net\bytebuddy\byte-buddy\1.17.8\byte-buddy-1.17.8.jar;C:\Users\vince\.m2\repository\org\springframework\boot\spring-boot-web-server\4.0.6\spring-boot-web-server-4.0.6.jar;C:\Users\vince\.m2\repository\org\springframework\boot\spring-boot-starter-mail\4.0.6\spring-boot-starter-mail-4.0.6.jar;C:\Users\vince\.m2\repository\org\springframework\boot\spring-boot-mail\4.0.6\spring-boot-mail-4.0.6.jar;C:\Users\vince\.m2\repository\org\springframework\spring-context-support\7.0.7\spring-context-support-7.0.7.jar;C:\Users\vince\.m2\repository\jakarta\mail\jakarta.mail-api\2.1.5\jakarta.mail-api-2.1.5.jar;C:\Users\vince\.m2\repository\org\eclipse\angus\angus-mail\2.0.5\angus-mail-2.0.5.jar;C:\Users\vince\.m2\repository\org\eclipse\angus\angus-activation\2.0.3\angus-activation-2.0.3.jar;C:\Users\vince\.m2\repository\org\springframework\boot\spring-boot-starter-thymeleaf\4.0.6\spring-boot-starter-thymeleaf-4.0.6.jar;C:\Users\vince\.m2\repository\org\springframework\boot\spring-boot-thymeleaf\4.0.6\spring-boot-thymeleaf-4.0.6.jar;C:\Users\vince\.m2\repository\org\thymeleaf\thymeleaf-spring6\3.1.5.RELEASE\thymeleaf-spring6-3.1.5.RELEASE.jar;C:\Users\vince\.m2\repository\org\thymeleaf\thymeleaf\3.1.5.RELEASE\thymeleaf-3.1.5.RELEASE.jar;C:\Users\vince\.m2\repository\org\attoparser\attoparser\2.0.7.RELEASE\attoparser-2.0.7.RELEASE.jar;C:\Users\vince\.m2\repository\org\unbescape\unbescape\1.1.6.RELEASE\unbescape-1.1.6.RELEASE.jar;C:\Users\vince\.m2\repository\org\springframework\boot\spring-boot-starter-security\4.0.6\spring-boot-starter-security-4.0.6.jar;C:\Users\vince\.m2\repository\org\springframework\boot\spring-boot-security\4.0.6\spring-boot-security-4.0.6.jar;C:\Users\vince\.m2\repository\org\springframework\security\spring-security-config\7.0.5\spring-security-config-7.0.5.jar;C:\Users\vince\.m2\repository\org\springframework\security\spring-security-core\7.0.5\spring-security-core-7.0.5.jar;C:\Users\vince\.m2\repository\org\springframework\security\spring-security-crypto\7.0.5\spring-security-crypto-7.0.5.jar;C:\Users\vince\.m2\repository\org\springframework\security\spring-security-web\7.0.5\spring-security-web-7.0.5.jar;C:\Users\vince\.m2\repository\org\springframework\spring-aop\7.0.7\spring-aop-7.0.7.jar;C:\Users\vince\.m2\repository\org\springframework\spring-beans\7.0.7\spring-beans-7.0.7.jar;C:\Users\vince\.m2\repository\io\jsonwebtoken\jjwt-api\0.12.7\jjwt-api-0.12.7.jar;C:\Users\vince\.m2\repository\io\jsonwebtoken\jjwt-impl\0.12.7\jjwt-impl-0.12.7.jar;C:\Users\vince\.m2\repository\io\jsonwebtoken\jjwt-jackson\0.12.7\jjwt-jackson-0.12.7.jar;C:\Users\vince\.m2\repository\com\fasterxml\jackson\core\jackson-databind\2.21.2\jackson-databind-2.21.2.jar;C:\Users\vince\.m2\repository\com\fasterxml\jackson\core\jackson-annotations\2.21\jackson-annotations-2.21.jar;C:\Users\vince\.m2\repository\com\fasterxml\jackson\core\jackson-core\2.21.2\jackson-core-2.21.2.jar;C:\Users\vince\.m2\repository\org\springframework\ai\spring-ai-starter-model-google-genai\2.0.0\spring-ai-starter-model-google-genai-2.0.0.jar;C:\Users\vince\.m2\repository\org\springframework\ai\spring-ai-autoconfigure-model-google-genai\2.0.0\spring-ai-autoconfigure-model-google-genai-2.0.0.jar;C:\Users\vince\.m2\repository\org\springframework\ai\spring-ai-autoconfigure-model-tool\2.0.0\spring-ai-autoconfigure-model-tool-2.0.0.jar;C:\Users\vince\.m2\repository\org\springframework\ai\spring-ai-autoconfigure-retry\2.0.0\spring-ai-autoconfigure-retry-2.0.0.jar;C:\Users\vince\.m2\repository\org\springframework\ai\spring-ai-autoconfigure-model-chat-observation\2.0.0\spring-ai-autoconfigure-model-chat-observation-2.0.0.jar;C:\Users\vince\.m2\repository\org\springframework\ai\spring-ai-autoconfigure-model-embedding-observation\2.0.0\spring-ai-autoconfigure-model-embedding-observation-2.0.0.jar;C:\Users\vince\.m2\repository\org\springframework\ai\spring-ai-google-genai\2.0.0\spring-ai-google-genai-2.0.0.jar;C:\Users\vince\.m2\repository\com\google\genai\google-genai\1.58.0\google-genai-1.58.0.jar;C:\Users\vince\.m2\repository\com\google\auth\google-auth-library-oauth2-http\1.33.0\google-auth-library-oauth2-http-1.33.0.jar;C:\Users\vince\.m2\repository\com\google\auto\value\auto-value-annotations\1.11.0\auto-value-annotations-1.11.0.jar;C:\Users\vince\.m2\repository\com\google\code\findbugs\jsr305\3.0.2\jsr305-3.0.2.jar;C:\Users\vince\.m2\repository\com\google\auth\google-auth-library-credentials\1.33.0\google-auth-library-credentials-1.33.0.jar;C:\Users\vince\.m2\repository\com\google\http-client\google-http-client\1.46.2\google-http-client-1.46.2.jar;C:\Users\vince\.m2\repository\org\apache\httpcomponents\httpclient\4.5.14\httpclient-4.5.14.jar;C:\Users\vince\.m2\repository\commons-codec\commons-codec\1.19.0\commons-codec-1.19.0.jar;C:\Users\vince\.m2\repository\org\apache\httpcomponents\httpcore\4.4.16\httpcore-4.4.16.jar;C:\Users\vince\.m2\repository\io\grpc\grpc-context\1.70.0\grpc-context-1.70.0.jar;C:\Users\vince\.m2\repository\io\grpc\grpc-api\1.70.0\grpc-api-1.70.0.jar;C:\Users\vince\.m2\repository\io\opencensus\opencensus-api\0.31.1\opencensus-api-0.31.1.jar;C:\Users\vince\.m2\repository\io\opencensus\opencensus-contrib-http-util\0.31.1\opencensus-contrib-http-util-0.31.1.jar;C:\Users\vince\.m2\repository\com\google\http-client\google-http-client-gson\1.46.2\google-http-client-gson-1.46.2.jar;C:\Users\vince\.m2\repository\com\google\guava\guava\33.4.0-android\guava-33.4.0-android.jar;C:\Users\vince\.m2\repository\com\google\guava\failureaccess\1.0.2\failureaccess-1.0.2.jar;C:\Users\vince\.m2\repository\com\google\guava\listenablefuture\9999.0-empty-to-avoid-conflict-with-guava\listenablefuture-9999.0-empty-to-avoid-conflict-with-guava.jar;C:\Users\vince\.m2\repository\org\checkerframework\checker-qual\3.43.0\checker-qual-3.43.0.jar;C:\Users\vince\.m2\repository\com\google\errorprone\error_prone_annotations\2.36.0\error_prone_annotations-2.36.0.jar;C:\Users\vince\.m2\repository\com\google\code\gson\gson\2.13.2\gson-2.13.2.jar;C:\Users\vince\.m2\repository\com\google\api\api-common\2.45.0\api-common-2.45.0.jar;C:\Users\vince\.m2\repository\javax\annotation\javax.annotation-api\1.3.2\javax.annotation-api-1.3.2.jar;C:\Users\vince\.m2\repository\com\google\j2objc\j2objc-annotations\3.0.0\j2objc-annotations-3.0.0.jar;C:\Users\vince\.m2\repository\com\fasterxml\jackson\datatype\jackson-datatype-jdk8\2.21.2\jackson-datatype-jdk8-2.21.2.jar;C:\Users\vince\.m2\repository\com\fasterxml\jackson\datatype\jackson-datatype-jsr310\2.21.2\jackson-datatype-jsr310-2.21.2.jar;C:\Users\vince\.m2\repository\org\java-websocket\Java-WebSocket\1.6.0\Java-WebSocket-1.6.0.jar;C:\Users\vince\.m2\repository\com\squareup\okhttp3\okhttp\4.12.0\okhttp-4.12.0.jar;C:\Users\vince\.m2\repository\com\squareup\okio\okio\3.6.0\okio-3.6.0.jar;C:\Users\vince\.m2\repository\com\squareup\okio\okio-jvm\3.6.0\okio-jvm-3.6.0.jar;C:\Users\vince\.m2\repository\org\jetbrains\kotlin\kotlin-stdlib-common\1.9.10\kotlin-stdlib-common-1.9.10.jar;C:\Users\vince\.m2\repository\org\jetbrains\kotlin\kotlin-stdlib-jdk8\2.2.21\kotlin-stdlib-jdk8-2.2.21.jar;C:\Users\vince\.m2\repository\org\jetbrains\kotlin\kotlin-stdlib\2.2.21\kotlin-stdlib-2.2.21.jar;C:\Users\vince\.m2\repository\org\jetbrains\annotations\13.0\annotations-13.0.jar;C:\Users\vince\.m2\repository\org\jetbrains\kotlin\kotlin-stdlib-jdk7\2.2.21\kotlin-stdlib-jdk7-2.2.21.jar;C:\Users\vince\.m2\repository\com\google\protobuf\protobuf-java\3.25.5\protobuf-java-3.25.5.jar;C:\Users\vince\.m2\repository\com\github\victools\jsonschema-generator\5.0.0\jsonschema-generator-5.0.0.jar;C:\Users\vince\.m2\repository\com\fasterxml\classmate\1.7.3\classmate-1.7.3.jar;C:\Users\vince\.m2\repository\tools\jackson\core\jackson-core\3.1.2\jackson-core-3.1.2.jar;C:\Users\vince\.m2\repository\com\github\victools\jsonschema-module-jackson\5.0.0\jsonschema-module-jackson-5.0.0.jar;C:\Users\vince\.m2\repository\org\springframework\ai\spring-ai-model\2.0.0\spring-ai-model-2.0.0.jar;C:\Users\vince\.m2\repository\org\springframework\ai\spring-ai-commons\2.0.0\spring-ai-commons-2.0.0.jar;C:\Users\vince\.m2\repository\io\micrometer\micrometer-core\1.16.5\micrometer-core-1.16.5.jar;C:\Users\vince\.m2\repository\org\hdrhistogram\HdrHistogram\2.2.2\HdrHistogram-2.2.2.jar;C:\Users\vince\.m2\repository\org\latencyutils\LatencyUtils\2.0.3\LatencyUtils-2.0.3.jar;C:\Users\vince\.m2\repository\io\micrometer\context-propagation\1.2.1\context-propagation-1.2.1.jar;C:\Users\vince\.m2\repository\org\springframework\ai\spring-ai-template-st\2.0.0\spring-ai-template-st-2.0.0.jar;C:\Users\vince\.m2\repository\org\antlr\ST4\4.3.4\ST4-4.3.4.jar;C:\Users\vince\.m2\repository\org\antlr\antlr-runtime\3.5.3\antlr-runtime-3.5.3.jar;C:\Users\vince\.m2\repository\org\springframework\spring-messaging\7.0.7\spring-messaging-7.0.7.jar;C:\Users\vince\.m2\repository\org\springframework\ai\spring-ai-retry\2.0.0\spring-ai-retry-2.0.0.jar;C:\Users\vince\.m2\repository\org\springframework\ai\spring-ai-client-chat\2.0.0\spring-ai-client-chat-2.0.0.jar;C:\Users\vince\.m2\repository\com\networknt\json-schema-validator\3.0.1\json-schema-validator-3.0.1.jar;C:\Users\vince\.m2\repository\com\ethlo\time\itu\1.14.0\itu-1.14.0.jar;C:\Users\vince\.m2\repository\io\swagger\core\v3\swagger-annotations-jakarta\2.2.38\swagger-annotations-jakarta-2.2.38.jar;C:\Users\vince\.m2\repository\com\github\victools\jsonschema-module-swagger-2\5.0.0\jsonschema-module-swagger-2-5.0.0.jar;C:\Users\vince\.m2\repository\io\projectreactor\reactor-core\3.8.5\reactor-core-3.8.5.jar;C:\Users\vince\.m2\repository\org\reactivestreams\reactive-streams\1.0.4\reactive-streams-1.0.4.jar;C:\Users\vince\.m2\repository\com\knuddels\jtokkit\1.1.0\jtokkit-1.1.0.jar;C:\Users\vince\.m2\repository\org\springframework\ai\spring-ai-autoconfigure-model-chat-client\2.0.0\spring-ai-autoconfigure-model-chat-client-2.0.0.jar;C:\Users\vince\.m2\repository\org\springframework\ai\spring-ai-autoconfigure-model-chat-memory\2.0.0\spring-ai-autoconfigure-model-chat-memory-2.0.0.jar
Launcher Type: SUN_STANDARD

[Global flags]
     intx CICompilerCount                          = 3                                         {product} {ergonomic}
     uint ConcGCThreads                            = 1                                         {product} {ergonomic}
     uint G1ConcRefinementThreads                  = 4                                         {product} {ergonomic}
   size_t G1HeapRegionSize                         = 2097152                                   {product} {ergonomic}
   size_t InitialHeapSize                          = 268435456                                 {product} {ergonomic}
   size_t MarkStackSize                            = 4194304                                   {product} {ergonomic}
   size_t MarkStackSizeMax                         = 536870912                                 {product} {ergonomic}
   size_t MaxHeapSize                              = 4263510016                                {product} {ergonomic}
   size_t MaxNewSize                               = 2556428288                                {product} {ergonomic}
   size_t MinHeapDeltaBytes                        = 2097152                                   {product} {ergonomic}
   size_t MinHeapSize                              = 8388608                                   {product} {ergonomic}
    uintx NonNMethodCodeHeapSize                   = 4096                                   {pd product} {ergonomic}
    uintx NonProfiledCodeHeapSize                  = 0                                      {pd product} {ergonomic}
     bool ProfileInterpreter                       = false                                  {pd product} {command line}
    uintx ProfiledCodeHeapSize                     = 0                                      {pd product} {ergonomic}
   size_t SoftMaxHeapSize                          = 4263510016                             {manageable} {ergonomic}
     intx TieredStopAtLevel                        = 1                                         {product} {command line}
     bool UseCompressedOops                        = true                           {product lp64_product} {ergonomic}
     bool UseG1GC                                  = true                                      {product} {ergonomic}
     bool UseLargePagesIndividualAllocation        = false                                  {pd product} {ergonomic}

Logging:
Log output configuration:
 #0: stdout all=warning uptime,level,tags foldmultilines=false
 #1: stderr all=off uptime,level,tags foldmultilines=false

Environment Variables:
JAVA_HOME=C:\Program Files\Java\jdk1.7.0_80
PATH=C:\Program Files\Common Files\Oracle\Java\javapath;C:\WINDOWS\system32;C:\WINDOWS;C:\WINDOWS\System32\Wbem;C:\WINDOWS\System32\WindowsPowerShell\v1.0\;C:\WINDOWS\System32\OpenSSH\;C:\Program Files (x86)\Intel\Intel(R) Management Engine Components\DAL;C:\Program Files\Intel\Intel(R) Management Engine Components\DAL;C:\Program Files\Intel\WiFi\bin\;C:\Program Files\Common Files\Intel\WirelessCommon\;C:\Program Files\Docker\Docker\resources\bin;C:\Program Files\nodejs\;C:\ProgramData\chocolatey\bin;C:\Program Files\Git\cmd;C:\Program Files\Java\jdk-24\bin;C:\Users\vince\anaconda3;C:\Users\vince\anaconda3\Library\mingw-w64\bin;C:\Users\vince\anaconda3\Library\usr\bin;C:\Users\vince\anaconda3\Library\bin;C:\Users\vince\anaconda3\Scripts;C:\Users\vince\AppData\Local\Microsoft\WindowsApps;C:\Program Files\Java\jdk1.8.0_181\bin;C:\Users\vince\AppData\Local\atom\bin;C:\Users\vince\AppData\Local\Microsoft\WindowsApps;C:\Program Files\Apache Software Foundation\apache-ant-1.9.15\bin;C:\Users\vince\AppData\Local\Programs\Microsoft VS Code\bin;C:\Users\vince\AppData\Roaming\npm;C:\Program Files\nodejs;C:\MinGW\bin;C:\Program Files\JetBrains\IntelliJ IDEA 2026.1.1\bin
USERNAME=vince
OS=Windows_NT
PROCESSOR_IDENTIFIER=Intel64 Family 6 Model 142 Stepping 9, GenuineIntel
TMP=C:\Users\vince\AppData\Local\Temp
TEMP=C:\Users\vince\AppData\Local\Temp




Periodic native trim disabled

---------------  S Y S T E M  ---------------

OS:
 Windows 10 , 64 bit Build 19041 (10.0.19041.5915)
OS uptime: 33 days 11:25 hours
Hyper-V role detected

CPU: total 4 (initial active 4) (2 cores per cpu, 2 threads per core) family 6 model 142 stepping 9 microcode 0xf6, cx8, cmov, fxsr, ht, mmx, 3dnowpref, sse, sse2, sse3, ssse3, sse4.1, sse4.2, popcnt, lzcnt, tsc, tscinvbit, avx, avx2, aes, erms, clmul, bmi1, bmi2, adx, fma, vzeroupper, clflush, clflushopt, hv, rdtscp, f16c
Processor Information for processor 0
  Max Mhz: 2712, Current Mhz: 2511, Mhz Limit: 2495
Processor Information for processor 1
  Max Mhz: 2712, Current Mhz: 2511, Mhz Limit: 2495
Processor Information for processor 2
  Max Mhz: 2712, Current Mhz: 1406, Mhz Limit: 2495
Processor Information for processor 3
  Max Mhz: 2712, Current Mhz: 1406, Mhz Limit: 2495

Memory: 4k page, system-wide physical 16259M (977M free)
TotalPageFile size 31684M (AvailPageFile size 0M)
current process WorkingSet (physical memory assigned to process): 157M, peak: 157M
current process commit charge ("private bytes"): 224M, peak: 372M

vm_info: Java HotSpot(TM) 64-Bit Server VM (24+36-3646) for windows-amd64 JRE (24+36-3646), built on 2025-02-06T00:20:43Z with MS VC++ 17.6 (VS2022)

END.
